Model comparasions/processedDataSets/Burger_2052.csv
,SELL_ID,SELL_CATEGORY,ITEM_NAME,CALENDAR_DATE,PRICE,QUANTITY,YEAR,HOLIDAY,IS_WEEKEND,IS_SCHOOLBREAK,AVERAGE_TEMPERATURE,IS_OUTDOOR
10083,2052,2,BURGER,9/11/13,10.12,22,2013,No Holiday,0,0,69.8,1
10091,2052,2,BURGER,9/11/14,12.85,20,2014,No Holiday,0,0,73.4,1
10107,2052,2,BURGER,9/12/13,10.12,22,2013,No Holiday,0,0,66.2,1
10115,2052,2,BURGER,9/12/14,12.85,16,2014,No Holiday,0,0,73.4,1
10123,2052,2,BURGER,9/13/12,12.49,22,2012,No Holiday,0,0,69.8,1
10131,2052,2,BURGER,9/13/13,10.12,24,2013,No Holiday,0,0,62.6,1
10147,2052,2,BURGER,9/14/12,12.49,16,2012,No Holiday,0,0,69.8,1
10187,2052,2,BURGER,9/15/14,12.85,18,2014,No Holiday,0,0,71.6,1
10203,2052,2,BURGER,9/16/13,10.12,26,2013,No Holiday,0,0,69.8,1
10211,2052,2,BURGER,9/16/14,12.85,24,2014,No Holiday,0,0,69.8,1
10219,2052,2,BURGER,9/17/12,12.49,22,2012,No Holiday,0,0,59.0,1
10227,2052,2,BURGER,9/17/13,10.12,30,2013,No Holiday,0,0,69.8,1
10235,2052,2,BURGER,9/17/14,12.85,22,2014,No Holiday,0,0,69.8,1
10243,2052,2,BURGER,9/18/12,12.49,16,2012,No Holiday,0,0,59.0,1
10251,2052,2,BURGER,9/18/13,10.12,28,2013,No Holiday,0,0,69.8,1
10259,2052,2,BURGER,9/18/14,12.85,18,2014,No Holiday,0,0,69.8,1
10267,2052,2,BURGER,9/19/12,12.49,16,2012,No Holiday,0,0,60.8,1
10275,2052,2,BURGER,9/19/13,10.12,24,2013,No Holiday,0,0,69.8,1
10299,2052,2,BURGER,9/2/13,10.12,22,2013,No Holiday,0,0,69.8,1
10307,2052,2,BURGER,9/2/14,12.85,20,2014,No Holiday,0,0,71.6,1
10315,2052,2,BURGER,9/2/15,11.5,24,2015,No Holiday,0,0,68.0,1
10323,2052,2,BURGER,9/20/12,12.49,22,2012,No Holiday,0,0,62.6,1
10331,2052,2,BURGER,9/20/13,10.12,24,2013,No Holiday,0,0,73.4,1
10347,2052,2,BURGER,9/21/12,12.49,18,2012,No Holiday,0,0,66.2,1
10387,2052,2,BURGER,9/22/14,12.85,24,2014,No Holiday,0,0,69.8,1
10403,2052,2,BURGER,9/23/13,10.12,30,2013,No Holiday,0,0,71.6,1
10411,2052,2,BURGER,9/23/14,12.85,20,2014,No Holiday,0,0,62.6,1
10419,2052,2,BURGER,9/24/12,12.49,18,2012,No Holiday,0,0,69.8,1
10427,2052,2,BURGER,9/24/13,10.12,28,2013,No Holiday,0,0,69.8,1
10435,2052,2,BURGER,9/24/14,12.85,22,2014,No Holiday,0,0,60.8,1
10443,2052,2,BURGER,9/25/12,12.49,18,2012,No Holiday,0,0,69.8,1
10451,2052,2,BURGER,9/25/13,10.12,24,2013,No Holiday,0,0,64.4,1
10459,2052,2,BURGER,9/25/14,12.85,22,2014,No Holiday,0,0,62.6,1
10467,2052,2,BURGER,9/26/12,12.49,20,2012,No Holiday,0,0,69.8,1
10475,2052,2,BURGER,9/26/13,10.12,26,2013,No Holiday,0,0,68.0,1
10483,2052,2,BURGER,9/26/14,12.85,18,2014,No Holiday,0,0,66.2,1
10491,2052,2,BURGER,9/27/12,12.49,18,2012,No Holiday,0,0,69.8,1
10499,2052,2,BURGER,9/27/13,10.12,28,2013,No Holiday,0,0,64.4,1
10515,2052,2,BURGER,9/28/12,12.49,18,2012,No Holiday,0,0,66.2,1
10555,2052,2,BURGER,9/29/14,12.85,20,2014,No Holiday,0,0,64.4,1
10563,2052,2,BURGER,9/3/12,12.49,18,2012,No Holiday,0,0,71.6,1
10571,2052,2,BURGER,9/3/13,10.12,26,2013,No Holiday,0,0,68.0,1
10579,2052,2,BURGER,9/3/14,12.85,22,2014,No Holiday,0,0,71.6,1
10611,2052,2,BURGER,9/30/14,12.85,20,2014,No Holiday,0,0,66.2,1
10619,2052,2,BURGER,9/4/12,12.49,24,2012,No Holiday,0,0,75.2,1
10627,2052,2,BURGER,9/4/13,10.12,24,2013,No Holiday,0,0,68.0,1
10635,2052,2,BURGER,9/4/14,12.85,20,2014,No Holiday,0,0,68.0,1
10651,2052,2,BURGER,9/5/12,12.49,16,2012,No Holiday,0,0,77.0,1
10659,2052,2,BURGER,9/5/13,10.12,30,2013,No Holiday,0,0,69.8,1
10667,2052,2,BURGER,9/5/14,12.85,16,2014,No Holiday,0,0,69.8,1
10683,2052,2,BURGER,9/6/12,12.49,22,2012,No Holiday,0,0,75.2,1
10691,2052,2,BURGER,9/6/13,10.12,22,2013,No Holiday,0,0,68.0,1
10715,2052,2,BURGER,9/7/12,12.49,24,2012,No Holiday,0,0,71.6,1
10739,2052,2,BURGER,9/7/15,11.5,20,2015,No Holiday,0,0,77.0,1
10763,2052,2,BURGER,9/8/14,12.85,20,2014,No Holiday,0,0,71.6,1
10771,2052,2,BURGER,9/8/15,11.5,26,2015,No Holiday,0,0,73.4,1
10787,2052,2,BURGER,9/9/13,10.12,24,2013,No Holiday,0,0,75.2,1
10795,2052,2,BURGER,9/9/14,12.85,16,2014,No Holiday,0,0,71.6,1
10803,2052,2,BURGER,9/9/15,11.5,18,2015,No Holiday,0,0,71.6,1
